// Jest Snapshot v1, https://goo.gl/fbAQLP

exports[`dataset/run/DownloadS3 should render something 1`] = `
<span>
  <a
    className="btn-warn-component s3-link"
    href="s3://test-bucket/dataset-hash/analysis-id"
    onClick={[Function]}
  >
    <i
      aria-hidden="true"
      className="fa fa-link"
    />
     S3 URL
  </a>
  <Modal
    animation={true}
    autoFocus={true}
    backdrop={true}
    bsClass="modal"
    dialogComponentClass={[Function]}
    enforceFocus={true}
    keyboard={true}
    manager={
      ModalManager {
        "add": [Function],
        "containers": Array [],
        "data": Array [],
        "handleContainerOverflow": true,
        "hideSiblingNodes": true,
        "isTopModal": [Function],
        "modals": Array [],
        "remove": [Function],
      }
    }
    onHide={[Function]}
    renderBackdrop={[Function]}
    restoreFocus={true}
    show={false}
  >
    <ModalHeader
      bsClass="modal-header"
      closeButton={true}
      closeLabel="Close"
    >
      <ModalTitle
        bsClass="modal-title"
        componentClass="h4"
      >
        Download results from S3
      </ModalTitle>
      Results are available to download directly from S3.
    </ModalHeader>
    <hr
      className="modal-inner"
    />
    <ModalBody
      bsClass="modal-body"
      componentClass="div"
    >
      Example download with
       
      <a
        href="http://docs.aws.amazon.com/cli/latest/userguide/installing.html"
        rel="noopener noreferrer"
        target="_blank"
      >
        awscli
      </a>
      :
      <Well
        bsClass="well"
        bsSize="small"
      >
        aws --no-sign-request s3 sync 
        s3://test-bucket/dataset-hash/analysis-id
         
        <strong>
          destination-directory
        </strong>
      </Well>
    </ModalBody>
  </Modal>
</span>
`;
