// Jest Snapshot v1, https://goo.gl/fbAQLP

exports[`dataset/dataset/run/JobAccordion renders a failed run 1`] = `
<Route
  render={[Function]}
/>
`;

exports[`dataset/dataset/run/JobAccordion renders a successful run 1`] = `
<Route
  render={[Function]}
/>
`;

exports[`dataset/run/DownloadAll should render something 1`] = `
<span
  className="download-all"
>
  <WarnButton
    cancel={
      <i
        className="fa fa-times"
      />
    }
    confirm={
      <i
        className="fa fa-check"
      />
    }
    icon="fa-download"
    message=" DOWNLOAD All"
    prepDownload={[Function]}
    tooltip={null}
    warn={true}
  />
  <DownloadS3
    analysisId="dcedf0c3-4438-466d-9f85-61c75275b355"
    datasetHash="cf02b5bf17df80d056effadccffd65bd"
  />
</span>
`;
