// Jest Snapshot v1, https://goo.gl/fbAQLP

exports[`common/forms/WarnButton renders successfully 1`] = `
<Route
  render={[Function]}
/>
`;

exports[`common/forms/WarnButton renders with warnings disable 1`] = `
<Route
  render={[Function]}
/>
`;
